// Jest Snapshot v1, https://goo.gl/fbAQLP

exports[`PageLoader matches the snapshot 1`] = `
<PageLoader>
  <styled.div>
    <div
      className="sc-gsTEea bVlHEY"
    >
      <styled.div>
        <div
          className="sc-bdfBQB iJLklD"
        />
      </styled.div>
    </div>
  </styled.div>
</PageLoader>
`;
