// Jest Snapshot v1, https://goo.gl/fbAQLP

exports[`ListItem matches snapshot 1`] = `
<BrowserRouter>
  <Router
    history={
      Object {
        "action": "POP",
        "block": [Function],
        "createHref": [Function],
        "go": [Function],
        "goBack": [Function],
        "goForward": [Function],
        "length": 1,
        "listen": [Function],
        "location": Object {
          "hash": "",
          "pathname": "/",
          "search": "",
          "state": undefined,
        },
        "push": [Function],
        "replace": [Function],
      }
    }
  >
    <table>
      <tbody>
        <ListItem
          subject={
            Object {
              "compatibilityLevel": "BACKWARD",
              "id": 1,
              "schema": "{\\"type\\":\\"record\\",\\"name\\":\\"MyRecord1\\",\\"namespace\\":\\"com.mycompany\\",\\"fields\\":[{\\"name\\":\\"id\\",\\"type\\":\\"long\\"}]}",
              "schemaType": "JSON",
              "subject": "test",
              "version": "1",
            }
          }
        >
          <tr>
            <td>
              <NavLink
                activeClassName="is-active"
                exact={true}
                style={
                  Object {
                    "color": "#171A1C",
                    "fontWeight": 500,
                  }
                }
                to="schemas/test"
              >
                <Link
                  aria-current={null}
                  style={
                    Object {
                      "color": "#171A1C",
                      "fontWeight": 500,
                    }
                  }
                  to={
                    Object {
                      "hash": "",
                      "pathname": "/schemas/test",
                      "search": "",
                      "state": null,
                    }
                  }
                >
                  <LinkAnchor
                    aria-current={null}
                    href="/schemas/test"
                    navigate={[Function]}
                    style={
                      Object {
                        "color": "#171A1C",
                        "fontWeight": 500,
                      }
                    }
                  >
                    <a
                      aria-current={null}
                      href="/schemas/test"
                      onClick={[Function]}
                      style={
                        Object {
                          "color": "#171A1C",
                          "fontWeight": 500,
                        }
                      }
                    >
                      test
                    </a>
                  </LinkAnchor>
                </Link>
              </NavLink>
            </td>
            <td>
              1
            </td>
            <td>
              BACKWARD
            </td>
          </tr>
        </ListItem>
      </tbody>
    </table>
  </Router>
</BrowserRouter>
`;
