// Jest Snapshot v1, https://goo.gl/fbAQLP

exports[`LatestVersionItem matches snapshot 1`] = `
<styled.div>
  <div>
    <h1>
      Relevant version
    </h1>
    <JSONViewer
      data="{
	\\"type\\": \\"record\\",
	\\"name\\": \\"MyRecord1\\",
	\\"namespace\\": \\"com.mycompany\\",
	\\"fields\\": [
		{
			\\"name\\": \\"id\\",
			\\"type\\": \\"long\\"
		}
	]
}"
    />
  </div>
  <div
    className="meta-data"
  >
    <div>
      <h3
        className="meta-data-label"
      >
        Latest version
      </h3>
      <p>
        1
      </p>
    </div>
    <div>
      <h3
        className="meta-data-label"
      >
        ID
      </h3>
      <p>
        1
      </p>
    </div>
    <div>
      <h3
        className="meta-data-label"
      >
        Subject
      </h3>
      <p>
        test
      </p>
    </div>
    <div>
      <h3
        className="meta-data-label"
      >
        Compatibility
      </h3>
      <p>
        BACKWARD
      </p>
    </div>
  </div>
</styled.div>
`;
