// Jest Snapshot v1, https://goo.gl/fbAQLP

exports[`DangerZone is rendered properly 1`] = `
<body>
  <div>
    <div
      class="box"
    >
      <h4
        class="title is-5 has-text-danger mb-5"
      >
        Danger Zone
      </h4>
      <div
        class="is-flex is-flex-direction-column"
      >
        <form
          class="columns mb-0"
        >
          <div
            class="column is-three-quarters"
          >
            <label
              class="label"
              for="partitions"
            >
              Number of partitions *
            </label>
            <input
              class="input"
              id="partitions"
              name="partitions"
              placeholder="Number of partitions"
              type="number"
            />
          </div>
          <div
            class="column is-flex is-align-items-flex-end"
          >
            <input
              class="button is-danger"
              data-testid="partitionsSubmit"
              disabled=""
              type="submit"
            />
          </div>
        </form>
        <p
          class="help is-danger mt-0 mb-4"
        />
        <form
          class="columns"
        >
          <div
            class="column is-three-quarters"
          >
            <label
              class="label"
              for="replicationFactor"
            >
              Replication Factor *
            </label>
            <input
              class="input"
              id="replicationFactor"
              name="replicationFactor"
              placeholder="Replication Factor"
              type="number"
            />
          </div>
          <div
            class="column is-flex is-align-items-flex-end"
          >
            <input
              class="button is-danger"
              data-testid="replicationFactorSubmit"
              disabled=""
              type="submit"
            />
          </div>
        </form>
        <p
          class="help is-danger mt-0"
        />
      </div>
    </div>
  </div>
</body>
`;
